2026-09-24 15:09:11,384 - olist_pipeline - INFO - Pipeline started for run_date: 2026-09-27
2026-09-24 15:09:11,385 - olist_pipeline - INFO - Chaos mode enabled: duplicate_order
2026-09-24 15:09:11,385 - olist_pipeline - INFO - Starting ingestion of raw CSV files...
2026-09-24 15:09:11,479 - olist_pipeline - INFO - Loaded olist_customers_dataset.csv: 99441 rows
2026-09-24 15:09:11,842 - olist_pipeline - INFO - Loaded olist_geolocation_dataset.csv: 1000163 rows
2026-09-24 15:09:11,966 - olist_pipeline - INFO - Loaded olist_order_items_dataset.csv: 112650 rows
2026-09-24 15:09:12,012 - olist_pipeline - INFO - Loaded olist_order_payments_dataset.csv: 103886 rows
2026-09-24 15:09:12,185 - olist_pipeline - INFO - Loaded olist_order_reviews_dataset.csv: 99224 rows
2026-09-24 15:09:12,359 - olist_pipeline - INFO - Loaded olist_orders_dataset.csv: 99441 rows
2026-09-24 15:09:12,379 - olist_pipeline - INFO - Loaded olist_products_dataset.csv: 32951 rows
2026-09-24 15:09:12,381 - olist_pipeline - INFO - Loaded olist_sellers_dataset.csv: 3095 rows
2026-09-24 15:09:12,382 - olist_pipeline - INFO - Loaded product_category_name_translation.csv: 71 rows
2026-09-24 15:09:12,383 - olist_pipeline - INFO - Starting validation checks...
2026-09-24 15:09:12,395 - olist_pipeline - WARNING - Validation WARN: Found 1 duplicate order_ids.
2026-09-24 15:09:12,974 - olist_pipeline - WARNING - Validation WARN: 166 chronological violations (carrier < purchase).
2026-09-24 15:09:12,974 - olist_pipeline - INFO - Starting data cleaning...
2026-09-24 15:09:12,990 - olist_pipeline - INFO - Cleaned 1 duplicate orders.
2026-09-24 15:09:13,036 - olist_pipeline - INFO - Populating SQLite database at /home/kavya/FDE/olist-delivery-pipeline/data/staging/olist.db...
2026-09-24 15:09:13,173 - olist_pipeline - INFO - Created table olist_customers_dataset with 99441 rows in SQLite.
2026-09-24 15:09:19,785 - olist_pipeline - INFO - Pipeline started for run_date: 2026-09-27
2026-09-24 15:09:19,786 - olist_pipeline - INFO - Chaos mode enabled: stale_data
2026-09-24 15:09:19,786 - olist_pipeline - INFO - Starting ingestion of raw CSV files...
2026-09-24 15:09:19,882 - olist_pipeline - INFO - Loaded olist_customers_dataset.csv: 99441 rows
2026-09-24 15:09:20,238 - olist_pipeline - INFO - Loaded olist_geolocation_dataset.csv: 1000163 rows
2026-09-24 15:09:20,357 - olist_pipeline - INFO - Loaded olist_order_items_dataset.csv: 112650 rows
2026-09-24 15:09:20,402 - olist_pipeline - INFO - Loaded olist_order_payments_dataset.csv: 103886 rows
2026-09-24 15:09:20,561 - olist_pipeline - INFO - Loaded olist_order_reviews_dataset.csv: 99224 rows
2026-09-24 15:09:20,730 - olist_pipeline - INFO - Loaded olist_orders_dataset.csv: 99441 rows
2026-09-24 15:09:20,750 - olist_pipeline - INFO - Loaded olist_products_dataset.csv: 32951 rows
2026-09-24 15:09:20,753 - olist_pipeline - INFO - Loaded olist_sellers_dataset.csv: 3095 rows
2026-09-24 15:09:20,754 - olist_pipeline - INFO - Loaded product_category_name_translation.csv: 71 rows
2026-09-24 15:09:20,755 - olist_pipeline - INFO - Starting validation checks...
2026-09-24 15:09:20,776 - olist_pipeline - ERROR - Validation FAIL: Data is stale.
2026-09-24 15:09:21,321 - olist_pipeline - ERROR - Critical validation failure detected. Pipeline stopping before publish.
